[debug] [2025-06-22T08:22:15.443Z] ----------------------------------------------------------------------
[debug] [2025-06-22T08:22:15.446Z] Command:       /Users/masato/.nvm/versions/node/v22.13.1/bin/node /Users/masato/.nvm/versions/node/v22.13.1/bin/firebase init
[debug] [2025-06-22T08:22:15.446Z] CLI Version:   14.7.0
[debug] [2025-06-22T08:22:15.446Z] Platform:      darwin
[debug] [2025-06-22T08:22:15.446Z] Node Version:  v22.13.1
[debug] [2025-06-22T08:22:15.446Z] Time:          Sun Jun 22 2025 17:22:15 GMT+0900 (Japan Standard Time)
[debug] [2025-06-22T08:22:15.446Z] ----------------------------------------------------------------------
[debug] 
[debug] [2025-06-22T08:22:15.451Z] > command requires scopes: ["email","openid","https://www.googleapis.com/auth/cloudplatformprojects.readonly","https://www.googleapis.com/auth/firebase","https://www.googleapis.com/auth/cloud-platform"]
[debug] [2025-06-22T08:22:15.451Z] > authorizing via signed-in user (wendy.505992@gmail.com)
[info] 
     ######## #### ########  ######## ########     ###     ######  ########
     ##        ##  ##     ## ##       ##     ##  ##   ##  ##       ##
     ######    ##  ########  ######   ########  #########  ######  ######
     ##        ##  ##    ##  ##       ##     ## ##     ##       ## ##
     ##       #### ##     ## ######## ########  ##     ##  ######  ########

You're about to initialize a Firebase project in this directory:

  /Users/masato/Library/CloudStorage/OneDrive-筑波大学/GitHub/☆geojson/mojmap-geojson

[debug] [2025-06-22T08:22:20.357Z] ExitPromptError: User force closed the prompt with SIGINT
    at Interface.sigint (/Users/masato/.nvm/versions/node/v22.13.1/lib/node_modules/firebase-tools/node_modules/@inquirer/core/dist/commonjs/lib/create-prompt.js:101:37)
    at Interface.emit (node:events:524:28)
    at Interface.emit (node:domain:489:12)
    at [_ttyWrite] [as _ttyWrite] (node:internal/readline/interface:1124:18)
    at ReadStream.onkeypress (node:internal/readline/interface:263:20)
    at ReadStream.emit (node:events:536:35)
    at ReadStream.emit (node:domain:489:12)
    at emitKeys (node:internal/readline/utils:370:14)
    at emitKeys.next (<anonymous>)
    at ReadStream.onData (node:internal/readline/emitKeypressEvents:64:36)
[error] 
[error] Error: An unexpected error has occurred.
